
> Task :base-api:compileJava FAILED
.\gradlew : C:\Users\barhoo\HeistClient\base-api\src\main\java\com\tonic\model\ui\VitaLiteInfoPanel.java:15: error: 
class HeistClientInfoPanel is public, should be declared in a file named HeistClientInfoPanel.java
At line:1 char:1
+ .\gradlew build --stacktrace > build_output.log 2>&1
+ ~~~~~~~~~~~~~~~~~~~~~~~~~~~~~~~~~~~~~~~~~~~~~~~~~~~~
    + CategoryInfo          : NotSpecified: (C:\Users\barhoo...tInfoPanel.java:String) [], RemoteException
    + FullyQualifiedErrorId : NativeCommandError
 
public class HeistClientInfoPanel extends VPluginPanel
       ^
C:\Users\barhoo\HeistClient\base-api\src\main\java\com\tonic\model\ui\VitaLiteOptionsPanel.java:23: error: class 
HeistClientOptionsPanel is public, should be declared in a file named HeistClientOptionsPanel.java
public class HeistClientOptionsPanel extends VPluginPanel {
       ^
C:\Users\barhoo\HeistClient\base-api\src\main\java\com\tonic\VitaLiteOptions.java:9: error: class HeistClientOptions 
is public, should be declared in a file named HeistClientOptions.java
public class HeistClientOptions extends OptionsParser
       ^
C:\Users\barhoo\HeistClient\base-api\src\main\java\com\tonic\model\GameApplet.java:6: error: package 
net.runelite.api.gameval does not exist
import net.runelite.api.gameval.VarbitID;
                               ^
C:\Users\barhoo\HeistClient\base-api\src\main\java\com\tonic\model\GameApplet.java:8: error: package 
net.runelite.api.gameval does not exist
import static net.runelite.api.gameval.InterfaceID.*;
                                      ^
C:\Users\barhoo\HeistClient\base-api\src\main\java\com\tonic\packets\PacketMapReader.java:10: error: package 
net.runelite.api does not exist
import net.runelite.api.NullNpcID;
                       ^
C:\Users\barhoo\HeistClient\base-api\src\main\java\com\tonic\packets\PacketMapReader.java:11: error: package 
net.runelite.api does not exist
import net.runelite.api.NullObjectID;
                       ^
C:\Users\barhoo\HeistClient\base-api\src\main\java\com\tonic\packets\PacketMapReader.java:12: error: package 
net.runelite.api.gameval does not exist
import net.runelite.api.gameval.*;
^
C:\Users\barhoo\HeistClient\base-api\src\main\java\com\tonic\data\LoginResponse.java:110: error: cannot find symbol
            if (response.getMessage() != null && response.getMessage().equalsIgnoreCase(identifier)) {
                        ^
  symbol:   method getMessage()
  location: variable response of type LoginResponse
C:\Users\barhoo\HeistClient\base-api\src\main\java\com\tonic\data\LoginResponse.java:110: error: cannot find symbol
            if (response.getMessage() != null && response.getMessage().equalsIgnoreCase(identifier)) {
                                                         ^
  symbol:   method getMessage()
  location: variable response of type LoginResponse
C:\Users\barhoo\HeistClient\base-api\src\main\java\com\tonic\data\LoginResponse.java:125: error: cannot find symbol
        return response.getMessage();
                       ^
  symbol:   method getMessage()
  location: variable response of type LoginResponse
C:\Users\barhoo\HeistClient\base-api\src\main\java\com\tonic\data\LoginResponse.java:135: error: cannot find symbol
        return response.getType();
                       ^
  symbol:   method getType()
  location: variable response of type LoginResponse
C:\Users\barhoo\HeistClient\base-api\src\main\java\com\tonic\events\PacketSent.java:76: error: cannot find symbol
                MOUSE_CLICK = entry.getPacket().getId();
                                   ^
  symbol:   method getPacket()
  location: variable entry of type MapEntry
C:\Users\barhoo\HeistClient\base-api\src\main\java\com\tonic\headless\HeadlessMode.java:65: error: cannot find symbol
        boolean showMap = Static.getVitaConfig().shouldShowHeadlessMap();
                                ^
  symbol:   method getVitaConfig()
  location: class Static
C:\Users\barhoo\HeistClient\base-api\src\main\java\com\tonic\headless\HeadlessMode.java:69: error: cannot find symbol
                Object stoppedGpuPlugin = Static.getRuneLite().getPluginManager()
                                                              ^
  symbol:   method getPluginManager()
  location: class RuneLite
C:\Users\barhoo\HeistClient\base-api\src\main\java\com\tonic\headless\HeadlessMode.java:198: error: cannot find symbol
                    Static.getRuneLite().getPluginManager().startPlugin(shouldRestoreGpu);
                                        ^
  symbol:   method getPluginManager()
  location: class RuneLite
C:\Users\barhoo\HeistClient\base-api\src\main\java\com\tonic\headless\HeadlessMode.java:218: error: cannot find symbol
        if (mapPanel != null && mapPanelActive && Static.isHeadless() && 
Static.getVitaConfig().shouldShowHeadlessMap()) {
                                                        ^
  symbol:   method isHeadless()
  location: class Static
C:\Users\barhoo\HeistClient\base-api\src\main\java\com\tonic\headless\HeadlessMode.java:218: error: cannot find symbol
        if (mapPanel != null && mapPanelActive && Static.isHeadless() && 
Static.getVitaConfig().shouldShowHeadlessMap()) {
                                                                               ^
  symbol:   method getVitaConfig()
  location: class Static
C:\Users\barhoo\HeistClient\base-api\src\main\java\com\tonic\model\GameApplet.java:113: error: cannot find symbol
        VIEWPORT(Toplevel.GAMEFRAME, ToplevelOsrsStretch.GAMEFRAME, ToplevelPreEoc.GAMEFRAME),
                 ^
  symbol:   variable Toplevel
  location: class View
C:\Users\barhoo\HeistClient\base-api\src\main\java\com\tonic\model\GameApplet.java:113: error: cannot find symbol
        VIEWPORT(Toplevel.GAMEFRAME, ToplevelOsrsStretch.GAMEFRAME, ToplevelPreEoc.GAMEFRAME),
                                     ^
  symbol:   variable ToplevelOsrsStretch
  location: class View
C:\Users\barhoo\HeistClient\base-api\src\main\java\com\tonic\model\GameApplet.java:113: error: cannot find symbol
        VIEWPORT(Toplevel.GAMEFRAME, ToplevelOsrsStretch.GAMEFRAME, ToplevelPreEoc.GAMEFRAME),
                                                                    ^
  symbol:   variable ToplevelPreEoc
  location: class View
C:\Users\barhoo\HeistClient\base-api\src\main\java\com\tonic\model\GameApplet.java:114: error: cannot find symbol
        WORLD(Toplevel.OVERLAY_HUD, ToplevelOsrsStretch.HUD_CONTAINER_FRONT, ToplevelPreEoc.HUD_CONTAINER_FRONT),
              ^
  symbol:   variable Toplevel
  location: class View
C:\Users\barhoo\HeistClient\base-api\src\main\java\com\tonic\model\GameApplet.java:114: error: cannot find symbol
        WORLD(Toplevel.OVERLAY_HUD, ToplevelOsrsStretch.HUD_CONTAINER_FRONT, ToplevelPreEoc.HUD_CONTAINER_FRONT),
                                    ^
  symbol:   variable ToplevelOsrsStretch
  location: class View
C:\Users\barhoo\HeistClient\base-api\src\main\java\com\tonic\model\GameApplet.java:114: error: cannot find symbol
        WORLD(Toplevel.OVERLAY_HUD, ToplevelOsrsStretch.HUD_CONTAINER_FRONT, ToplevelPreEoc.HUD_CONTAINER_FRONT),
                                                                             ^
  symbol:   variable ToplevelPreEoc
  location: class View
C:\Users\barhoo\HeistClient\base-api\src\main\java\com\tonic\model\GameApplet.java:115: error: cannot find symbol
        WORLD_MAP(Toplevel.MINIMAP, ToplevelOsrsStretch.MINIMAP, ToplevelPreEoc.MINIMAP),
                  ^
  symbol:   variable Toplevel
  location: class View
C:\Users\barhoo\HeistClient\base-api\src\main\java\com\tonic\model\GameApplet.java:115: error: cannot find symbol
        WORLD_MAP(Toplevel.MINIMAP, ToplevelOsrsStretch.MINIMAP, ToplevelPreEoc.MINIMAP),
                                    ^
  symbol:   variable ToplevelOsrsStretch
  location: class View
C:\Users\barhoo\HeistClient\base-api\src\main\java\com\tonic\model\GameApplet.java:115: error: cannot find symbol
        WORLD_MAP(Toplevel.MINIMAP, ToplevelOsrsStretch.MINIMAP, ToplevelPreEoc.MINIMAP),
                                                                 ^
  symbol:   variable ToplevelPreEoc
  location: class View
C:\Users\barhoo\HeistClient\base-api\src\main\java\com\tonic\model\GameApplet.java:116: error: cannot find symbol
        SIDE_MENU(Toplevel.SIDE, ToplevelOsrsStretch.SIDE_MENU, ToplevelPreEoc.SIDE_CONTAINER),
                  ^
  symbol:   variable Toplevel
  location: class View
C:\Users\barhoo\HeistClient\base-api\src\main\java\com\tonic\model\GameApplet.java:116: error: cannot find symbol
        SIDE_MENU(Toplevel.SIDE, ToplevelOsrsStretch.SIDE_MENU, ToplevelPreEoc.SIDE_CONTAINER),
                                 ^
  symbol:   variable ToplevelOsrsStretch
  location: class View
C:\Users\barhoo\HeistClient\base-api\src\main\java\com\tonic\model\GameApplet.java:116: error: cannot find symbol
        SIDE_MENU(Toplevel.SIDE, ToplevelOsrsStretch.SIDE_MENU, ToplevelPreEoc.SIDE_CONTAINER),
                                                                ^
  symbol:   variable ToplevelPreEoc
  location: class View
C:\Users\barhoo\HeistClient\base-api\src\main\java\com\tonic\model\GameApplet.java:117: error: cannot find symbol
        CHAT_BOX(Toplevel.CHAT_CONTAINER, ToplevelOsrsStretch.CHAT_CONTAINER, ToplevelPreEoc.CHAT_CONTAINER),
                 ^
  symbol:   variable Toplevel
  location: class View
C:\Users\barhoo\HeistClient\base-api\src\main\java\com\tonic\model\GameApplet.java:117: error: cannot find symbol
        CHAT_BOX(Toplevel.CHAT_CONTAINER, ToplevelOsrsStretch.CHAT_CONTAINER, ToplevelPreEoc.CHAT_CONTAINER),
                                          ^
  symbol:   variable ToplevelOsrsStretch
  location: class View
C:\Users\barhoo\HeistClient\base-api\src\main\java\com\tonic\model\GameApplet.java:117: error: cannot find symbol
        CHAT_BOX(Toplevel.CHAT_CONTAINER, ToplevelOsrsStretch.CHAT_CONTAINER, ToplevelPreEoc.CHAT_CONTAINER),
                                                                              ^
  symbol:   variable ToplevelPreEoc
  location: class View
C:\Users\barhoo\HeistClient\base-api\src\main\java\com\tonic\model\GameApplet.java:157: error: cannot find symbol
                            new Object[]{VarbitID.RESIZABLE_STONE_ARRANGEMENT}
                                         ^
  symbol:   variable VarbitID
  location: class View
C:\Users\barhoo\HeistClient\base-api\src\main\java\com\tonic\model\NavButton.java:84: error: cannot find symbol
                .getClientUI()
                ^
  symbol:   method getClientUI()
  location: class RuneLite
C:\Users\barhoo\HeistClient\base-api\src\main\java\com\tonic\model\RLClientUI.java:43: error: cannot find symbol
                .getRuneLiteMain()
                ^
  symbol:   method getRuneLiteMain()
  location: class RuneLite
C:\Users\barhoo\HeistClient\base-api\src\main\java\com\tonic\model\ui\components\ToggleSlider.java:80: error: cannot 
find symbol
        final float end = isSelected() ? 1f : 0f;
                          ^
  symbol:   method isSelected()
  location: class ToggleSlider
C:\Users\barhoo\HeistClient\base-api\src\main\java\com\tonic\model\ui\DistanceDebugger.java:107: error: cannot find 
symbol
        getContentPanel().setLayout(new BorderLayout(10, 10));
        ^
  symbol:   method getContentPanel()
  location: class DistanceDebugger
C:\Users\barhoo\HeistClient\base-api\src\main\java\com\tonic\model\ui\DistanceDebugger.java:108: error: cannot find 
symbol
        getContentPanel().setBorder(new EmptyBorder(15, 15, 15, 15));
        ^
  symbol:   method getContentPanel()
  location: class DistanceDebugger
C:\Users\barhoo\HeistClient\base-api\src\main\java\com\tonic\model\ui\DistanceDebugger.java:126: error: cannot find 
symbol
        getContentPanel().add(mainPanel, BorderLayout.CENTER);
        ^
  symbol:   method getContentPanel()
  location: class DistanceDebugger
C:\Users\barhoo\HeistClient\base-api\src\main\java\com\tonic\model\ui\PlatformInfoViewer.java:31: error: cannot find 
symbol
        JPanel contentPanel = getContentPanel();
                              ^
  symbol:   method getContentPanel()
  location: class PlatformInfoViewer
C:\Users\barhoo\HeistClient\base-api\src\main\java\com\tonic\model\ui\PlatformInfoViewer.java:124: error: cannot find 
symbol
            instance.updateData(PlatformInfoData.getPlatformInfo());
                                                ^
  symbol:   method getPlatformInfo()
  location: class PlatformInfoData
C:\Users\barhoo\HeistClient\base-api\src\main\java\com\tonic\model\ui\VitaLiteInfoPanel.java:76: error: cannot find 
symbol
        JLabel versionBadge = new JLabel("RuneLite v-" + Static.getRuneLite().getVersion());
                                                                             ^
  symbol:   method getVersion()
  location: class RuneLite
C:\Users\barhoo\HeistClient\base-api\src\main\java\com\tonic\model\ui\VitaLiteOptionsPanel.java:106: error: cannot 
find symbol
        headlessToggle.setSelected(Static.isHeadless());
                                         ^
  symbol:   method isHeadless()
  location: class Static
C:\Users\barhoo\HeistClient\base-api\src\main\java\com\tonic\model\ui\VitaLiteOptionsPanel.java:111: error: cannot 
find symbol
                () -> Static.setHeadless(headlessToggle.isSelected())
                                                       ^
  symbol:   method isSelected()
  location: variable headlessToggle of type ToggleSlider
C:\Users\barhoo\HeistClient\base-api\src\main\java\com\tonic\model\ui\VitaLiteOptionsPanel.java:116: error: cannot 
find symbol
        headlessMapToggle.setSelected(Static.getVitaConfig().shouldShowHeadlessMap());
                                            ^
  symbol:   method getVitaConfig()
  location: class Static
C:\Users\barhoo\HeistClient\base-api\src\main\java\com\tonic\model\ui\VitaLiteOptionsPanel.java:122: error: cannot 
find symbol
                    Static.getVitaConfig().setShowHeadlessMap(headlessMapToggle.isSelected());
                          ^
  symbol:   method getVitaConfig()
  location: class Static
C:\Users\barhoo\HeistClient\base-api\src\main\java\com\tonic\model\ui\VitaLiteOptionsPanel.java:122: error: cannot 
find symbol
                    Static.getVitaConfig().setShowHeadlessMap(headlessMapToggle.isSelected());
                                                                               ^
  symbol:   method isSelected()
  location: variable headlessMapToggle of type ToggleSlider
C:\Users\barhoo\HeistClient\base-api\src\main\java\com\tonic\model\ui\VitaLiteOptionsPanel.java:123: error: cannot 
find symbol
                    if (Static.isHeadless()) {
                              ^
  symbol:   method isHeadless()
  location: class Static
C:\Users\barhoo\HeistClient\base-api\src\main\java\com\tonic\model\ui\VitaLiteOptionsPanel.java:132: error: cannot 
find symbol
        neverLogToggle.setSelected(Static.getVitaConfig().shouldNeverLog());
                                         ^
  symbol:   method getVitaConfig()
  location: class Static
C:\Users\barhoo\HeistClient\base-api\src\main\java\com\tonic\model\ui\VitaLiteOptionsPanel.java:137: error: cannot 
find symbol
                () -> Static.getVitaConfig().setNeverLog(neverLogToggle.isSelected())
                            ^
  symbol:   method getVitaConfig()
  location: class Static
C:\Users\barhoo\HeistClient\base-api\src\main\java\com\tonic\model\ui\VitaLiteOptionsPanel.java:137: error: cannot 
find symbol
                () -> Static.getVitaConfig().setNeverLog(neverLogToggle.isSelected())
                                                                       ^
  symbol:   method isSelected()
  location: variable neverLogToggle of type ToggleSlider
C:\Users\barhoo\HeistClient\base-api\src\main\java\com\tonic\model\ui\VitaLiteOptionsPanel.java:182: error: cannot 
find symbol
        nameLogging.setSelected(Static.getVitaConfig().shouldLogNames());
                                      ^
  symbol:   method getVitaConfig()
  location: class Static
C:\Users\barhoo\HeistClient\base-api\src\main\java\com\tonic\model\ui\VitaLiteOptionsPanel.java:187: error: cannot 
find symbol
                () -> Static.getVitaConfig().setShouldLogNames(nameLogging.isSelected())
                            ^
  symbol:   method getVitaConfig()
  location: class Static
C:\Users\barhoo\HeistClient\base-api\src\main\java\com\tonic\model\ui\VitaLiteOptionsPanel.java:187: error: cannot 
find symbol
                () -> Static.getVitaConfig().setShouldLogNames(nameLogging.isSelected())
                                                                          ^
  symbol:   method isSelected()
  location: variable nameLogging of type ToggleSlider
C:\Users\barhoo\HeistClient\base-api\src\main\java\com\tonic\model\ui\VitaLiteOptionsPanel.java:192: error: cannot 
find symbol
        hideLoggerToggle.setSelected(!Static.getVitaConfig().shouldShowHLoggerPanel());
                                            ^
  symbol:   method getVitaConfig()
  location: class Static
C:\Users\barhoo\HeistClient\base-api\src\main\java\com\tonic\model\ui\VitaLiteOptionsPanel.java:198: error: cannot 
find symbol
                    Logger.setLoggerVisible(!hideLoggerToggle.isSelected());
                                                             ^
  symbol:   method isSelected()
  location: variable hideLoggerToggle of type ToggleSlider
C:\Users\barhoo\HeistClient\base-api\src\main\java\com\tonic\model\ui\VitaLiteOptionsPanel.java:199: error: cannot 
find symbol
                    Static.getVitaConfig().setShowLoggerPanel(!hideLoggerToggle.isSelected());
                                                                               ^
  symbol:   method isSelected()
  location: variable hideLoggerToggle of type ToggleSlider
C:\Users\barhoo\HeistClient\base-api\src\main\java\com\tonic\model\ui\VitaLiteOptionsPanel.java:199: error: cannot 
find symbol
                    Static.getVitaConfig().setShowLoggerPanel(!hideLoggerToggle.isSelected());
                          ^
  symbol:   method getVitaConfig()
  location: class Static
C:\Users\barhoo\HeistClient\base-api\src\main\java\com\tonic\model\ui\VitaLiteOptionsPanel.java:207: error: cannot 
find symbol
                1, 1000, Static.getVitaConfig().getLogHistoryLimit()
                               ^
  symbol:   method getVitaConfig()
  location: class Static
C:\Users\barhoo\HeistClient\base-api\src\main\java\com\tonic\model\ui\VitaLiteOptionsPanel.java:210: error: cannot 
find symbol
        Logger.setMaxMessages(Static.getVitaConfig().getLogHistoryLimit());
                                    ^
  symbol:   method getVitaConfig()
  location: class Static
C:\Users\barhoo\HeistClient\base-api\src\main\java\com\tonic\model\ui\VitaLiteOptionsPanel.java:211: error: cannot 
find symbol
        Static.getVitaConfig().setLogHistoryLimit(Static.getVitaConfig().getLogHistoryLimit());
              ^
  symbol:   method getVitaConfig()
  location: class Static
C:\Users\barhoo\HeistClient\base-api\src\main\java\com\tonic\model\ui\VitaLiteOptionsPanel.java:211: error: cannot 
find symbol
        Static.getVitaConfig().setLogHistoryLimit(Static.getVitaConfig().getLogHistoryLimit());
                                                        ^
  symbol:   method getVitaConfig()
  location: class Static
C:\Users\barhoo\HeistClient\base-api\src\main\java\com\tonic\model\ui\VitaLiteOptionsPanel.java:214: error: cannot 
find symbol
            Static.getVitaConfig().setLogHistoryLimit(limit);
                  ^
  symbol:   method getVitaConfig()
  location: class Static
C:\Users\barhoo\HeistClient\base-api\src\main\java\com\tonic\model\ui\VitaLiteOptionsPanel.java:226: error: cannot 
find symbol
        cachedRandomDat.setSelected(Static.getVitaConfig().shouldCacheRandomDat());
                                          ^
  symbol:   method getVitaConfig()
  location: class Static
C:\Users\barhoo\HeistClient\base-api\src\main\java\com\tonic\model\ui\VitaLiteOptionsPanel.java:231: error: cannot 
find symbol
                () -> Static.getVitaConfig().setShouldCacheRandomDat(cachedRandomDat.isSelected())
                            ^
  symbol:   method getVitaConfig()
  location: class Static
C:\Users\barhoo\HeistClient\base-api\src\main\java\com\tonic\model\ui\VitaLiteOptionsPanel.java:231: error: cannot 
find symbol
                () -> Static.getVitaConfig().setShouldCacheRandomDat(cachedRandomDat.isSelected())
                                                                                    ^
  symbol:   method isSelected()
  location: variable cachedRandomDat of type ToggleSlider
C:\Users\barhoo\HeistClient\base-api\src\main\java\com\tonic\model\ui\VitaLiteOptionsPanel.java:236: error: cannot 
find symbol
        cachedDeviceID.setSelected(Static.getVitaConfig().shouldCacheDeviceId());
                                         ^
  symbol:   method getVitaConfig()
  location: class Static
C:\Users\barhoo\HeistClient\base-api\src\main\java\com\tonic\model\ui\VitaLiteOptionsPanel.java:241: error: cannot 
find symbol
                () -> Static.getVitaConfig().setShouldCacheDeviceId(cachedDeviceID.isSelected())
                            ^
  symbol:   method getVitaConfig()
  location: class Static
C:\Users\barhoo\HeistClient\base-api\src\main\java\com\tonic\model\ui\VitaLiteOptionsPanel.java:241: error: cannot 
find symbol
                () -> Static.getVitaConfig().setShouldCacheDeviceId(cachedDeviceID.isSelected())
                                                                                  ^
  symbol:   method isSelected()
  location: variable cachedDeviceID of type ToggleSlider
C:\Users\barhoo\HeistClient\base-api\src\main\java\com\tonic\model\ui\VitaLiteOptionsPanel.java:246: error: cannot 
find symbol
        bankCacheToggle.setSelected(Static.getVitaConfig().shouldCacheBank());
                                          ^
  symbol:   method getVitaConfig()
  location: class Static
C:\Users\barhoo\HeistClient\base-api\src\main\java\com\tonic\model\ui\VitaLiteOptionsPanel.java:251: error: cannot 
find symbol
                () -> Static.getVitaConfig().setShouldCacheBank(bankCacheToggle.isSelected())
                            ^
  symbol:   method getVitaConfig()
  location: class Static
C:\Users\barhoo\HeistClient\base-api\src\main\java\com\tonic\model\ui\VitaLiteOptionsPanel.java:251: error: cannot 
find symbol
                () -> Static.getVitaConfig().setShouldCacheBank(bankCacheToggle.isSelected())
                                                                               ^
  symbol:   method isSelected()
  location: variable bankCacheToggle of type ToggleSlider
C:\Users\barhoo\HeistClient\base-api\src\main\java\com\tonic\model\ui\VitaLiteOptionsPanel.java:261: error: cannot 
find symbol
        PathfinderAlgo algo = Static.getVitaConfig().getPathfinderImpl();
                                    ^
  symbol:   method getVitaConfig()
  location: class Static
C:\Users\barhoo\HeistClient\base-api\src\main\java\com\tonic\model\ui\VitaLiteOptionsPanel.java:265: error: cannot 
find symbol
            Static.getVitaConfig().setPathfinderImpl(pathfinderAlgo.getSelectedItem());
                  ^
  symbol:   method getVitaConfig()
  location: class Static
C:\Users\barhoo\HeistClient\base-api\src\main\java\com\tonic\model\ui\VitaLiteOptionsPanel.java:272: error: cannot 
find symbol
        drawPath.setSelected(Static.getVitaConfig().shouldDrawWalkerPath());
                                   ^
  symbol:   method getVitaConfig()
  location: class Static
C:\Users\barhoo\HeistClient\base-api\src\main\java\com\tonic\model\ui\VitaLiteOptionsPanel.java:277: error: cannot 
find symbol
                () -> Static.getVitaConfig().setShouldDrawWalkerPath(drawPath.isSelected())
                            ^
  symbol:   method getVitaConfig()
  location: class Static
C:\Users\barhoo\HeistClient\base-api\src\main\java\com\tonic\model\ui\VitaLiteOptionsPanel.java:277: error: cannot 
find symbol
                () -> Static.getVitaConfig().setShouldDrawWalkerPath(drawPath.isSelected())
                                                                             ^
  symbol:   method isSelected()
  location: variable drawPath of type ToggleSlider
C:\Users\barhoo\HeistClient\base-api\src\main\java\com\tonic\model\ui\VitaLiteOptionsPanel.java:295: error: cannot 
find symbol
        drawHull.setSelected(Static.getVitaConfig().getDrawBoatHull());
                                   ^
  symbol:   method getVitaConfig()
  location: class Static
C:\Users\barhoo\HeistClient\base-api\src\main\java\com\tonic\model\ui\VitaLiteOptionsPanel.java:300: error: cannot 
find symbol
                () -> Static.getVitaConfig().setDrawBoatHull(drawHull.isSelected())
                            ^
  symbol:   method getVitaConfig()
  location: class Static
C:\Users\barhoo\HeistClient\base-api\src\main\java\com\tonic\model\ui\VitaLiteOptionsPanel.java:300: error: cannot 
find symbol
                () -> Static.getVitaConfig().setDrawBoatHull(drawHull.isSelected())
                                                                     ^
  symbol:   method isSelected()
  location: variable drawHull of type ToggleSlider
C:\Users\barhoo\HeistClient\base-api\src\main\java\com\tonic\model\ui\VitaLiteOptionsPanel.java:306: error: cannot 
find symbol
        drawDeck.setSelected(Static.getVitaConfig().getDrawBoatDeck());
                                   ^
  symbol:   method getVitaConfig()
  location: class Static
C:\Users\barhoo\HeistClient\base-api\src\main\java\com\tonic\model\ui\VitaLiteOptionsPanel.java:311: error: cannot 
find symbol
                () -> Static.getVitaConfig().setDrawBoatDeck(drawDeck.isSelected())
                            ^
  symbol:   method getVitaConfig()
  location: class Static
C:\Users\barhoo\HeistClient\base-api\src\main\java\com\tonic\model\ui\VitaLiteOptionsPanel.java:311: error: cannot 
find symbol
                () -> Static.getVitaConfig().setDrawBoatDeck(drawDeck.isSelected())
                                                                     ^
  symbol:   method isSelected()
  location: variable drawDeck of type ToggleSlider
C:\Users\barhoo\HeistClient\base-api\src\main\java\com\tonic\model\ui\VitaLiteOptionsPanel.java:317: error: cannot 
find symbol
        drawDebug.setSelected(Static.getVitaConfig().getDrawBoatDebug());
                                    ^
  symbol:   method getVitaConfig()
  location: class Static
C:\Users\barhoo\HeistClient\base-api\src\main\java\com\tonic\model\ui\VitaLiteOptionsPanel.java:322: error: cannot 
find symbol
                () -> Static.getVitaConfig().setDrawBoatDebug(drawDebug.isSelected())
                            ^
  symbol:   method getVitaConfig()
  location: class Static
C:\Users\barhoo\HeistClient\base-api\src\main\java\com\tonic\model\ui\VitaLiteOptionsPanel.java:322: error: cannot 
find symbol
                () -> Static.getVitaConfig().setDrawBoatDebug(drawDebug.isSelected())
                                                                       ^
  symbol:   method isSelected()
  location: variable drawDebug of type ToggleSlider
C:\Users\barhoo\HeistClient\base-api\src\main\java\com\tonic\model\ui\VitaLiteOptionsPanel.java:332: error: cannot 
find symbol
        drawCollision.setSelected(Static.getVitaConfig().shouldDrawCollision());
                                        ^
  symbol:   method getVitaConfig()
  location: class Static
C:\Users\barhoo\HeistClient\base-api\src\main\java\com\tonic\model\ui\VitaLiteOptionsPanel.java:337: error: cannot 
find symbol
                () -> Static.getVitaConfig().setShouldDrawCollision(drawCollision.isSelected())
                            ^
  symbol:   method getVitaConfig()
  location: class Static
C:\Users\barhoo\HeistClient\base-api\src\main\java\com\tonic\model\ui\VitaLiteOptionsPanel.java:337: error: cannot 
find symbol
                () -> Static.getVitaConfig().setShouldDrawCollision(drawCollision.isSelected())
                                                                                 ^
  symbol:   method isSelected()
  location: variable drawCollision of type ToggleSlider
C:\Users\barhoo\HeistClient\base-api\src\main\java\com\tonic\model\ui\VitaLiteOptionsPanel.java:342: error: cannot 
find symbol
        drawInteractable.setSelected(Static.getVitaConfig().shouldDrawInteractable());
                                           ^
  symbol:   method getVitaConfig()
  location: class Static
C:\Users\barhoo\HeistClient\base-api\src\main\java\com\tonic\model\ui\VitaLiteOptionsPanel.java:347: error: cannot 
find symbol
                () -> Static.getVitaConfig().setShouldDrawInteractable(drawInteractable.isSelected())
                            ^
  symbol:   method getVitaConfig()
  location: class Static
C:\Users\barhoo\HeistClient\base-api\src\main\java\com\tonic\model\ui\VitaLiteOptionsPanel.java:347: error: cannot 
find symbol
                () -> Static.getVitaConfig().setShouldDrawInteractable(drawInteractable.isSelected())
                                                                                       ^
  symbol:   method isSelected()
  location: variable drawInteractable of type ToggleSlider
C:\Users\barhoo\HeistClient\base-api\src\main\java\com\tonic\model\ui\VitaLiteOptionsPanel.java:353: error: cannot 
find symbol
        Static.getVitaConfig().setDrawStratPath(false);
              ^
  symbol:   method getVitaConfig()
  location: class Static
C:\Users\barhoo\HeistClient\base-api\src\main\java\com\tonic\model\ui\VitaLiteOptionsPanel.java:358: error: cannot 
find symbol
                () -> Static.getVitaConfig().setDrawStratPath(debugStratPathing.isSelected())
                            ^
  symbol:   method getVitaConfig()
  location: class Static
C:\Users\barhoo\HeistClient\base-api\src\main\java\com\tonic\model\ui\VitaLiteOptionsPanel.java:358: error: cannot 
find symbol
                () -> Static.getVitaConfig().setDrawStratPath(debugStratPathing.isSelected())
                                                                               ^
  symbol:   method isSelected()
  location: variable debugStratPathing of type ToggleSlider
C:\Users\barhoo\HeistClient\base-api\src\main\java\com\tonic\model\ui\VitaLiteOptionsPanel.java:385: error: cannot 
find symbol
        sendMouseMovement.setSelected(Static.getVitaConfig().shouldSpoofMouseMovemnt());
                                            ^
  symbol:   method getVitaConfig()
  location: class Static
C:\Users\barhoo\HeistClient\base-api\src\main\java\com\tonic\model\ui\VitaLiteOptionsPanel.java:391: error: cannot 
find symbol
                    if(!Static.getVitaConfig().getHasAcceptedWarning())
                              ^
  symbol:   method getVitaConfig()
  location: class Static
C:\Users\barhoo\HeistClient\base-api\src\main\java\com\tonic\model\ui\VitaLiteOptionsPanel.java:404: error: cannot 
find symbol
                        Static.getVitaConfig().setHasAcceptedWarning(true);
                              ^
  symbol:   method getVitaConfig()
  location: class Static
C:\Users\barhoo\HeistClient\base-api\src\main\java\com\tonic\model\ui\VitaLiteOptionsPanel.java:406: error: cannot 
find symbol
                    Static.getVitaConfig().setSpoofMouseMovement(sendMouseMovement.isSelected());
                          ^
  symbol:   method getVitaConfig()
  location: class Static
Note: Some input files use unchecked or unsafe operations.
Note: Recompile with -Xlint:unchecked for details.
100 errors

FAILURE: Build failed with an exception.

* What went wrong:
Execution failed for task ':base-api:compileJava'.
> Compilation failed; see the compiler error output for details.

* Try:
> Run with --info option to get more log output.
> Run with --scan to get full insights.

* Exception is:
org.gradle.api.tasks.TaskExecutionException: Execution failed for task ':base-api:compileJava'.
	at org.gradle.api.internal.tasks.execution.ExecuteActionsTaskExecuter.lambda$executeIfValid$1(ExecuteActionsTaskExecut
er.java:130)
	at org.gradle.internal.Try$Failure.ifSuccessfulOrElse(Try.java:293)
	at 
org.gradle.api.internal.tasks.execution.ExecuteActionsTaskExecuter.executeIfValid(ExecuteActionsTaskExecuter.java:128)
	at org.gradle.api.internal.tasks.execution.ExecuteActionsTaskExecuter.execute(ExecuteActionsTaskExecuter.java:116)
	at 
org.gradle.api.internal.tasks.execution.FinalizePropertiesTaskExecuter.execute(FinalizePropertiesTaskExecuter.java:46)
	at org.gradle.api.internal.tasks.execution.ResolveTaskExecutionModeExecuter.execute(ResolveTaskExecutionModeExecuter.j
ava:51)
	at 
org.gradle.api.internal.tasks.execution.SkipTaskWithNoActionsExecuter.execute(SkipTaskWithNoActionsExecuter.java:57)
	at org.gradle.api.internal.tasks.execution.SkipOnlyIfTaskExecuter.execute(SkipOnlyIfTaskExecuter.java:74)
	at org.gradle.api.internal.tasks.execution.CatchExceptionTaskExecuter.execute(CatchExceptionTaskExecuter.java:36)
	at org.gradle.api.internal.tasks.execution.EventFiringTaskExecuter$1.executeTask(EventFiringTaskExecuter.java:77)
	at org.gradle.api.internal.tasks.execution.EventFiringTaskExecuter$1.call(EventFiringTaskExecuter.java:55)
	at org.gradle.api.internal.tasks.execution.EventFiringTaskExecuter$1.call(EventFiringTaskExecuter.java:52)
	at org.gradle.internal.operations.DefaultBuildOperationRunner$CallableBuildOperationWorker.execute(DefaultBuildOperati
onRunner.java:209)
	at org.gradle.internal.operations.DefaultBuildOperationRunner$CallableBuildOperationWorker.execute(DefaultBuildOperati
onRunner.java:204)
	at org.gradle.internal.operations.DefaultBuildOperationRunner$2.execute(DefaultBuildOperationRunner.java:66)
	at org.gradle.internal.operations.DefaultBuildOperationRunner$2.execute(DefaultBuildOperationRunner.java:59)
	at org.gradle.internal.operations.DefaultBuildOperationRunner.execute(DefaultBuildOperationRunner.java:166)
	at org.gradle.internal.operations.DefaultBuildOperationRunner.execute(DefaultBuildOperationRunner.java:59)
	at org.gradle.internal.operations.DefaultBuildOperationRunner.call(DefaultBuildOperationRunner.java:53)
	at org.gradle.api.internal.tasks.execution.EventFiringTaskExecuter.execute(EventFiringTaskExecuter.java:52)
	at org.gradle.execution.plan.LocalTaskNodeExecutor.execute(LocalTaskNodeExecutor.java:42)
	at org.gradle.execution.taskgraph.DefaultTaskExecutionGraph$InvokeNodeExecutorsAction.execute(DefaultTaskExecutionGrap
h.java:331)
	at org.gradle.execution.taskgraph.DefaultTaskExecutionGraph$InvokeNodeExecutorsAction.execute(DefaultTaskExecutionGrap
h.java:318)
	at org.gradle.execution.taskgraph.DefaultTaskExecutionGraph$BuildOperationAwareExecutionAction.lambda$execute$0(Defaul
tTaskExecutionGraph.java:314)
	at org.gradle.internal.operations.CurrentBuildOperationRef.with(CurrentBuildOperationRef.java:85)
	at org.gradle.execution.taskgraph.DefaultTaskExecutionGraph$BuildOperationAwareExecutionAction.execute(DefaultTaskExec
utionGraph.java:314)
	at org.gradle.execution.taskgraph.DefaultTaskExecutionGraph$BuildOperationAwareExecutionAction.execute(DefaultTaskExec
utionGraph.java:303)
	at org.gradle.execution.plan.DefaultPlanExecutor$ExecutorWorker.execute(DefaultPlanExecutor.java:459)
	at org.gradle.execution.plan.DefaultPlanExecutor$ExecutorWorker.run(DefaultPlanExecutor.java:376)
	at org.gradle.internal.concurrent.ExecutorPolicy$CatchAndRecordFailures.onExecute(ExecutorPolicy.java:64)
	at org.gradle.internal.concurrent.AbstractManagedExecutor$1.run(AbstractManagedExecutor.java:48)
Caused by: org.gradle.api.internal.tasks.compile.CompilationFailedException: Compilation failed; see the compiler 
error output for details.
	at org.gradle.api.internal.tasks.compile.JdkJavaCompiler.execute(JdkJavaCompiler.java:79)
	at org.gradle.api.internal.tasks.compile.JdkJavaCompiler.execute(JdkJavaCompiler.java:46)
	at 
org.gradle.api.internal.tasks.compile.NormalizingJavaCompiler.delegateAndHandleErrors(NormalizingJavaCompiler.java:98)
	at org.gradle.api.internal.tasks.compile.NormalizingJavaCompiler.execute(NormalizingJavaCompiler.java:52)
	at org.gradle.api.internal.tasks.compile.NormalizingJavaCompiler.execute(NormalizingJavaCompiler.java:38)
	at org.gradle.api.internal.tasks.compile.AnnotationProcessorDiscoveringCompiler.execute(AnnotationProcessorDiscovering
Compiler.java:52)
	at org.gradle.api.internal.tasks.compile.AnnotationProcessorDiscoveringCompiler.execute(AnnotationProcessorDiscovering
Compiler.java:38)
	at org.gradle.api.internal.tasks.compile.ModuleApplicationNameWritingCompiler.execute(ModuleApplicationNameWritingComp
iler.java:46)
	at org.gradle.api.internal.tasks.compile.ModuleApplicationNameWritingCompiler.execute(ModuleApplicationNameWritingComp
iler.java:36)
	at org.gradle.jvm.toolchain.internal.DefaultToolchainJavaCompiler.execute(DefaultToolchainJavaCompiler.java:57)
	at org.gradle.api.tasks.compile.JavaCompile.lambda$createToolchainCompiler$3(JavaCompile.java:204)
	at org.gradle.api.internal.tasks.compile.CleaningJavaCompiler.execute(CleaningJavaCompiler.java:53)
	at org.gradle.api.internal.tasks.compile.incremental.IncrementalCompilerFactory.lambda$createRebuildAllCompiler$0(Incr
ementalCompilerFactory.java:52)
	at org.gradle.api.internal.tasks.compile.incremental.SelectiveCompiler.execute(SelectiveCompiler.java:70)
	at org.gradle.api.internal.tasks.compile.incremental.SelectiveCompiler.execute(SelectiveCompiler.java:44)
	at org.gradle.api.internal.tasks.compile.incremental.IncrementalResultStoringCompiler.execute(IncrementalResultStoring
Compiler.java:66)
	at org.gradle.api.internal.tasks.compile.incremental.IncrementalResultStoringCompiler.execute(IncrementalResultStoring
Compiler.java:52)
	at org.gradle.api.internal.tasks.compile.CompileJavaBuildOperationReportingCompiler$1.call(CompileJavaBuildOperationRe
portingCompiler.java:64)
	at org.gradle.api.internal.tasks.compile.CompileJavaBuildOperationReportingCompiler$1.call(CompileJavaBuildOperationRe
portingCompiler.java:48)
	at org.gradle.internal.operations.DefaultBuildOperationRunner$CallableBuildOperationWorker.execute(DefaultBuildOperati
onRunner.java:209)
	at org.gradle.internal.operations.DefaultBuildOperationRunner$CallableBuildOperationWorker.execute(DefaultBuildOperati
onRunner.java:204)
	at org.gradle.internal.operations.DefaultBuildOperationRunner$2.execute(DefaultBuildOperationRunner.java:66)
	at org.gradle.internal.operations.DefaultBuildOperationRunner$2.execute(DefaultBuildOperationRunner.java:59)
	at org.gradle.internal.operations.DefaultBuildOperationRunner.execute(DefaultBuildOperationRunner.java:166)
	at org.gradle.internal.operations.DefaultBuildOperationRunner.execute(DefaultBuildOperationRunner.java:59)
	at org.gradle.internal.operations.DefaultBuildOperationRunner.call(DefaultBuildOperationRunner.java:53)
	at org.gradle.api.internal.tasks.compile.CompileJavaBuildOperationReportingCompiler.execute(CompileJavaBuildOperationR
eportingCompiler.java:48)
	at org.gradle.api.tasks.compile.JavaCompile.performCompilation(JavaCompile.java:222)
	at org.gradle.api.tasks.compile.JavaCompile.performIncrementalCompilation(JavaCompile.java:163)
	at org.gradle.api.tasks.compile.JavaCompile.compile(JavaCompile.java:148)
	at java.base/jdk.internal.reflect.NativeMethodAccessorImpl.invoke0(Native Method)
	at java.base/jdk.internal.reflect.NativeMethodAccessorImpl.invoke(NativeMethodAccessorImpl.java:62)
	at java.base/jdk.internal.reflect.DelegatingMethodAccessorImpl.invoke(DelegatingMethodAccessorImpl.java:43)
	at org.gradle.internal.reflect.JavaMethod.invoke(JavaMethod.java:125)
	at org.gradle.api.internal.project.taskfactory.IncrementalTaskAction.doExecute(IncrementalTaskAction.java:45)
	at org.gradle.api.internal.project.taskfactory.StandardTaskAction.execute(StandardTaskAction.java:51)
	at org.gradle.api.internal.project.taskfactory.IncrementalTaskAction.execute(IncrementalTaskAction.java:26)
	at org.gradle.api.internal.project.taskfactory.StandardTaskAction.execute(StandardTaskAction.java:29)
	at org.gradle.api.internal.tasks.execution.TaskExecution$3.run(TaskExecution.java:244)
	at org.gradle.internal.operations.DefaultBuildOperationRunner$1.execute(DefaultBuildOperationRunner.java:29)
	at org.gradle.internal.operations.DefaultBuildOperationRunner$1.execute(DefaultBuildOperationRunner.java:26)
	at org.gradle.internal.operations.DefaultBuildOperationRunner$2.execute(DefaultBuildOperationRunner.java:66)
	at org.gradle.internal.operations.DefaultBuildOperationRunner$2.execute(DefaultBuildOperationRunner.java:59)
	at org.gradle.internal.operations.DefaultBuildOperationRunner.execute(DefaultBuildOperationRunner.java:166)
	at org.gradle.internal.operations.DefaultBuildOperationRunner.execute(DefaultBuildOperationRunner.java:59)
	at org.gradle.internal.operations.DefaultBuildOperationRunner.run(DefaultBuildOperationRunner.java:47)
	at org.gradle.api.internal.tasks.execution.TaskExecution.executeAction(TaskExecution.java:229)
	at org.gradle.api.internal.tasks.execution.TaskExecution.executeActions(TaskExecution.java:212)
	at org.gradle.api.internal.tasks.execution.TaskExecution.executeWithPreviousOutputFiles(TaskExecution.java:195)
	at org.gradle.api.internal.tasks.execution.TaskExecution.execute(TaskExecution.java:162)
	at org.gradle.internal.execution.steps.ExecuteStep.executeInternal(ExecuteStep.java:105)
	at org.gradle.internal.execution.steps.ExecuteStep.access$000(ExecuteStep.java:44)
	at org.gradle.internal.execution.steps.ExecuteStep$1.call(ExecuteStep.java:59)
	at org.gradle.internal.execution.steps.ExecuteStep$1.call(ExecuteStep.java:56)
	at org.gradle.internal.operations.DefaultBuildOperationRunner$CallableBuildOperationWorker.execute(DefaultBuildOperati
onRunner.java:209)
	at org.gradle.internal.operations.DefaultBuildOperationRunner$CallableBuildOperationWorker.execute(DefaultBuildOperati
onRunner.java:204)
	at org.gradle.internal.operations.DefaultBuildOperationRunner$2.execute(DefaultBuildOperationRunner.java:66)
	at org.gradle.internal.operations.DefaultBuildOperationRunner$2.execute(DefaultBuildOperationRunner.java:59)
	at org.gradle.internal.operations.DefaultBuildOperationRunner.execute(DefaultBuildOperationRunner.java:166)
	at org.gradle.internal.operations.DefaultBuildOperationRunner.execute(DefaultBuildOperationRunner.java:59)
	at org.gradle.internal.operations.DefaultBuildOperationRunner.call(DefaultBuildOperationRunner.java:53)
	at org.gradle.internal.execution.steps.ExecuteStep.execute(ExecuteStep.java:56)
	at org.gradle.internal.execution.steps.ExecuteStep.execute(ExecuteStep.java:44)
	at org.gradle.internal.execution.steps.CancelExecutionStep.execute(CancelExecutionStep.java:42)
	at org.gradle.internal.execution.steps.TimeoutStep.executeWithoutTimeout(TimeoutStep.java:75)
	at org.gradle.internal.execution.steps.TimeoutStep.execute(TimeoutStep.java:55)
	at org.gradle.internal.execution.steps.PreCreateOutputParentsStep.execute(PreCreateOutputParentsStep.java:50)
	at org.gradle.internal.execution.steps.PreCreateOutputParentsStep.execute(PreCreateOutputParentsStep.java:28)
	at org.gradle.internal.execution.steps.RemovePreviousOutputsStep.execute(RemovePreviousOutputsStep.java:67)
	at org.gradle.internal.execution.steps.RemovePreviousOutputsStep.execute(RemovePreviousOutputsStep.java:37)
	at org.gradle.internal.execution.steps.BroadcastChangingOutputsStep.execute(BroadcastChangingOutputsStep.java:61)
	at org.gradle.internal.execution.steps.BroadcastChangingOutputsStep.execute(BroadcastChangingOutputsStep.java:26)
	at 
org.gradle.internal.execution.steps.CaptureOutputsAfterExecutionStep.execute(CaptureOutputsAfterExecutionStep.java:69)
	at 
org.gradle.internal.execution.steps.CaptureOutputsAfterExecutionStep.execute(CaptureOutputsAfterExecutionStep.java:46)
	at org.gradle.internal.execution.steps.ResolveInputChangesStep.execute(ResolveInputChangesStep.java:40)
	at org.gradle.internal.execution.steps.ResolveInputChangesStep.execute(ResolveInputChangesStep.java:29)
	at org.gradle.internal.execution.steps.BuildCacheStep.executeWithoutCache(BuildCacheStep.java:189)
	at org.gradle.internal.execution.steps.BuildCacheStep.lambda$execute$1(BuildCacheStep.java:75)
	at org.gradle.internal.Either$Right.fold(Either.java:175)
	at org.gradle.internal.execution.caching.CachingState.fold(CachingState.java:62)
	at org.gradle.internal.execution.steps.BuildCacheStep.execute(BuildCacheStep.java:73)
	at org.gradle.internal.execution.steps.BuildCacheStep.execute(BuildCacheStep.java:48)
	at org.gradle.internal.execution.steps.StoreExecutionStateStep.execute(StoreExecutionStateStep.java:46)
	at org.gradle.internal.execution.steps.StoreExecutionStateStep.execute(StoreExecutionStateStep.java:35)
	at org.gradle.internal.execution.steps.SkipUpToDateStep.executeBecause(SkipUpToDateStep.java:75)
	at org.gradle.internal.execution.steps.SkipUpToDateStep.lambda$execute$2(SkipUpToDateStep.java:53)
	at org.gradle.internal.execution.steps.SkipUpToDateStep.execute(SkipUpToDateStep.java:53)
	at org.gradle.internal.execution.steps.SkipUpToDateStep.execute(SkipUpToDateStep.java:35)
	at org.gradle.internal.execution.steps.legacy.MarkSnapshottingInputsFinishedStep.execute(MarkSnapshottingInputsFinishe
dStep.java:37)
	at org.gradle.internal.execution.steps.legacy.MarkSnapshottingInputsFinishedStep.execute(MarkSnapshottingInputsFinishe
dStep.java:27)
	at org.gradle.internal.execution.steps.ResolveIncrementalCachingStateStep.executeDelegate(ResolveIncrementalCachingSta
teStep.java:49)
	at org.gradle.internal.execution.steps.ResolveIncrementalCachingStateStep.executeDelegate(ResolveIncrementalCachingSta
teStep.java:27)
	at 
org.gradle.internal.execution.steps.AbstractResolveCachingStateStep.execute(AbstractResolveCachingStateStep.java:71)
	at 
org.gradle.internal.execution.steps.AbstractResolveCachingStateStep.execute(AbstractResolveCachingStateStep.java:39)
	at org.gradle.internal.execution.steps.ResolveChangesStep.execute(ResolveChangesStep.java:65)
	at org.gradle.internal.execution.steps.ResolveChangesStep.execute(ResolveChangesStep.java:36)
	at org.gradle.internal.execution.steps.ValidateStep.execute(ValidateStep.java:107)
	at org.gradle.internal.execution.steps.ValidateStep.execute(ValidateStep.java:56)
	at org.gradle.internal.execution.steps.AbstractCaptureStateBeforeExecutionStep.execute(AbstractCaptureStateBeforeExecu
tionStep.java:64)
	at org.gradle.internal.execution.steps.AbstractCaptureStateBeforeExecutionStep.execute(AbstractCaptureStateBeforeExecu
tionStep.java:43)
	at org.gradle.internal.execution.steps.AbstractSkipEmptyWorkStep.executeWithNonEmptySources(AbstractSkipEmptyWorkStep.
java:125)
	at org.gradle.internal.execution.steps.AbstractSkipEmptyWorkStep.execute(AbstractSkipEmptyWorkStep.java:61)
	at org.gradle.internal.execution.steps.AbstractSkipEmptyWorkStep.execute(AbstractSkipEmptyWorkStep.java:36)
	at org.gradle.internal.execution.steps.legacy.MarkSnapshottingInputsStartedStep.execute(MarkSnapshottingInputsStartedS
tep.java:38)
	at org.gradle.internal.execution.steps.LoadPreviousExecutionStateStep.execute(LoadPreviousExecutionStateStep.java:36)
	at org.gradle.internal.execution.steps.LoadPreviousExecutionStateStep.execute(LoadPreviousExecutionStateStep.java:23)
	at org.gradle.internal.execution.steps.HandleStaleOutputsStep.execute(HandleStaleOutputsStep.java:75)
	at org.gradle.internal.execution.steps.HandleStaleOutputsStep.execute(HandleStaleOutputsStep.java:41)
	at org.gradle.internal.execution.steps.AssignMutableWorkspaceStep.lambda$execute$0(AssignMutableWorkspaceStep.java:35)
	at org.gradle.api.internal.tasks.execution.TaskExecution$4.withWorkspace(TaskExecution.java:289)
	at org.gradle.internal.execution.steps.AssignMutableWorkspaceStep.execute(AssignMutableWorkspaceStep.java:31)
	at org.gradle.internal.execution.steps.AssignMutableWorkspaceStep.execute(AssignMutableWorkspaceStep.java:22)
	at org.gradle.internal.execution.steps.ChoosePipelineStep.execute(ChoosePipelineStep.java:40)
	at org.gradle.internal.execution.steps.ChoosePipelineStep.execute(ChoosePipelineStep.java:23)
	at org.gradle.internal.execution.steps.ExecuteWorkBuildOperationFiringStep.lambda$execute$2(ExecuteWorkBuildOperationF
iringStep.java:67)
	at org.gradle.internal.execution.steps.ExecuteWorkBuildOperationFiringStep.execute(ExecuteWorkBuildOperationFiringStep
.java:67)
	at org.gradle.internal.execution.steps.ExecuteWorkBuildOperationFiringStep.execute(ExecuteWorkBuildOperationFiringStep
.java:39)
	at org.gradle.internal.execution.steps.IdentityCacheStep.execute(IdentityCacheStep.java:46)
	at org.gradle.internal.execution.steps.IdentityCacheStep.execute(IdentityCacheStep.java:34)
	at org.gradle.internal.execution.steps.IdentifyStep.execute(IdentifyStep.java:48)
	at org.gradle.internal.execution.steps.IdentifyStep.execute(IdentifyStep.java:35)
	at org.gradle.internal.execution.impl.DefaultExecutionEngine$1.execute(DefaultExecutionEngine.java:61)
	at 
org.gradle.api.internal.tasks.execution.ExecuteActionsTaskExecuter.executeIfValid(ExecuteActionsTaskExecuter.java:127)
	at org.gradle.api.internal.tasks.execution.ExecuteActionsTaskExecuter.execute(ExecuteActionsTaskExecuter.java:116)
	at 
org.gradle.api.internal.tasks.execution.FinalizePropertiesTaskExecuter.execute(FinalizePropertiesTaskExecuter.java:46)
	at org.gradle.api.internal.tasks.execution.ResolveTaskExecutionModeExecuter.execute(ResolveTaskExecutionModeExecuter.j
ava:51)
	at 
org.gradle.api.internal.tasks.execution.SkipTaskWithNoActionsExecuter.execute(SkipTaskWithNoActionsExecuter.java:57)
	at org.gradle.api.internal.tasks.execution.SkipOnlyIfTaskExecuter.execute(SkipOnlyIfTaskExecuter.java:74)
	at org.gradle.api.internal.tasks.execution.CatchExceptionTaskExecuter.execute(CatchExceptionTaskExecuter.java:36)
	at org.gradle.api.internal.tasks.execution.EventFiringTaskExecuter$1.executeTask(EventFiringTaskExecuter.java:77)
	at org.gradle.api.internal.tasks.execution.EventFiringTaskExecuter$1.call(EventFiringTaskExecuter.java:55)
	at org.gradle.api.internal.tasks.execution.EventFiringTaskExecuter$1.call(EventFiringTaskExecuter.java:52)
	at org.gradle.internal.operations.DefaultBuildOperationRunner$CallableBuildOperationWorker.execute(DefaultBuildOperati
onRunner.java:209)
	at org.gradle.internal.operations.DefaultBuildOperationRunner$CallableBuildOperationWorker.execute(DefaultBuildOperati
onRunner.java:204)
	at org.gradle.internal.operations.DefaultBuildOperationRunner$2.execute(DefaultBuildOperationRunner.java:66)
	at org.gradle.internal.operations.DefaultBuildOperationRunner$2.execute(DefaultBuildOperationRunner.java:59)
	at org.gradle.internal.operations.DefaultBuildOperationRunner.execute(DefaultBuildOperationRunner.java:166)
	at org.gradle.internal.operations.DefaultBuildOperationRunner.execute(DefaultBuildOperationRunner.java:59)
	at org.gradle.internal.operations.DefaultBuildOperationRunner.call(DefaultBuildOperationRunner.java:53)
	at org.gradle.api.internal.tasks.execution.EventFiringTaskExecuter.execute(EventFiringTaskExecuter.java:52)
	at org.gradle.execution.plan.LocalTaskNodeExecutor.execute(LocalTaskNodeExecutor.java:42)
	at org.gradle.execution.taskgraph.DefaultTaskExecutionGraph$InvokeNodeExecutorsAction.execute(DefaultTaskExecutionGrap
h.java:331)
	at org.gradle.execution.taskgraph.DefaultTaskExecutionGraph$InvokeNodeExecutorsAction.execute(DefaultTaskExecutionGrap
h.java:318)
	at org.gradle.execution.taskgraph.DefaultTaskExecutionGraph$BuildOperationAwareExecutionAction.lambda$execute$0(Defaul
tTaskExecutionGraph.java:314)
	at org.gradle.internal.operations.CurrentBuildOperationRef.with(CurrentBuildOperationRef.java:85)
	at org.gradle.execution.taskgraph.DefaultTaskExecutionGraph$BuildOperationAwareExecutionAction.execute(DefaultTaskExec
utionGraph.java:314)
	at org.gradle.execution.taskgraph.DefaultTaskExecutionGraph$BuildOperationAwareExecutionAction.execute(DefaultTaskExec
utionGraph.java:303)
	at org.gradle.execution.plan.DefaultPlanExecutor$ExecutorWorker.execute(DefaultPlanExecutor.java:459)
	at org.gradle.execution.plan.DefaultPlanExecutor$ExecutorWorker.run(DefaultPlanExecutor.java:376)
	at org.gradle.internal.concurrent.ExecutorPolicy$CatchAndRecordFailures.onExecute(ExecutorPolicy.java:64)
	at org.gradle.internal.concurrent.AbstractManagedExecutor$1.run(AbstractManagedExecutor.java:48)


Deprecated Gradle features were used in this build, making it incompatible with Gradle 9.0.

You can use '--warning-mode all' to show the individual deprecation warnings and determine if they come from your own scripts or plugins.

For more on this, please refer to https://docs.gradle.org/8.10/userguide/command_line_interface.html#sec:command_line_warnings in the Gradle documentation.
1 actionable task: 1 executed

BUILD FAILED in 1s
